
  [32m[1mVITE[22m v7.3.3[39m  [2mready in [0m[1m343[22m[2m[0m ms[22m

  [32m➜[39m  [1mLocal[22m:   [36mhttp://127.0.0.1:[1m5173[22m/[39m

  [32m[1mVITE[22m v7.3.3[39m  [2mready in [0m[1m335[22m[2m[0m ms[22m

  [32m➜[39m  [1mLocal[22m:   [36mhttp://127.0.0.1:[1m5173[22m/[39m
[2m17:18:42[22m [36m[1m[vite][22m[39m [90m[2m(client)[22m[39m [32mpage reload [39m[2msrc/mocks/handlers.ts[22m
[2m17:18:43[22m [31m[1m[vite][22m[39m [31m[2m(client)[22m[39m Pre-transform error: Transform failed with 1 error:
D:/eGym/frontend/src/mocks/stage2-data.ts:85:8: ERROR: Expected "}" but found "Machine"
  Plugin: [35mvite:esbuild[39m
  File: [36mD:/eGym/frontend/src/mocks/stage2-data.ts[39m:85:8
[33m  
  [33mExpected "}" but found "Machine"[33m
  83 |    Cable: 'Кроссовер',
  84 |    Bodyweight: 'Собственный вес',
  85 |    Smith Machine: 'Машина Смита',
     |          ^
  86 |    Band: 'Резина',
  87 |    Kettlebell: 'Гиря',
  [39m
[2m17:18:43[22m [31m[1m[vite][22m[39m [31mInternal server error: Transform failed with 1 error:
D:/eGym/frontend/src/mocks/stage2-data.ts:85:8: ERROR: Expected "}" but found "Machine"[39m
  Plugin: [35mvite:esbuild[39m
  File: [36mD:/eGym/frontend/src/mocks/stage2-data.ts[39m:85:8
[33m  
  [33mExpected "}" but found "Machine"[33m
  83 |    Cable: 'Кроссовер',
  84 |    Bodyweight: 'Собственный вес',
  85 |    Smith Machine: 'Машина Смита',
     |          ^
  86 |    Band: 'Резина',
  87 |    Kettlebell: 'Гиря',
  [39m
      at failureErrorWithLog (D:\eGym\frontend\node_modules\esbuild\lib\main.js:1748:15)
      at D:\eGym\frontend\node_modules\esbuild\lib\main.js:1017:50
      at responseCallbacks.<computed> (D:\eGym\frontend\node_modules\esbuild\lib\main.js:884:9)
      at handleIncomingPacket (D:\eGym\frontend\node_modules\esbuild\lib\main.js:939:12)
      at Socket.readFromStdout (D:\eGym\frontend\node_modules\esbuild\lib\main.js:862:7)
      at Socket.emit (node:events:513:28)
      at addChunk (node:internal/streams/readable:559:12)
      at readableAddChunkPushByteMode (node:internal/streams/readable:510:3)
      at Readable.push (node:internal/streams/readable:390:5)
      at Pipe.onStreamRead (node:internal/stream_base_commons:189:23)
[2m17:19:34[22m [36m[1m[vite][22m[39m [90m[2m(client)[22m[39m [32mhmr update [39m[2m/src/app/styles.css[22m
[2m17:19:34[22m [31m[1m[vite][22m[39m [31m[2m(client)[22m[39m Pre-transform error: Transform failed with 1 error:
D:/eGym/frontend/src/mocks/stage2-data.ts:85:8: ERROR: Expected "}" but found "Machine"
  Plugin: [35mvite:esbuild[39m
  File: [36mD:/eGym/frontend/src/mocks/stage2-data.ts[39m:85:8
[33m  
  [33mExpected "}" but found "Machine"[33m
  83 |    Cable: 'Кроссовер',
  84 |    Bodyweight: 'Собственный вес',
  85 |    Smith Machine: 'Машина Смита',
     |          ^
  86 |    Band: 'Резина',
  87 |    Kettlebell: 'Гиря',
  [39m
[2m17:19:34[22m [31m[1m[vite][22m[39m [31mInternal server error: Transform failed with 1 error:
D:/eGym/frontend/src/mocks/stage2-data.ts:85:8: ERROR: Expected "}" but found "Machine"[39m
  Plugin: [35mvite:esbuild[39m
  File: [36mD:/eGym/frontend/src/mocks/stage2-data.ts[39m:85:8
[33m  
  [33mExpected "}" but found "Machine"[33m
  83 |    Cable: 'Кроссовер',
  84 |    Bodyweight: 'Собственный вес',
  85 |    Smith Machine: 'Машина Смита',
     |          ^
  86 |    Band: 'Резина',
  87 |    Kettlebell: 'Гиря',
  [39m
      at failureErrorWithLog (D:\eGym\frontend\node_modules\esbuild\lib\main.js:1748:15)
      at D:\eGym\frontend\node_modules\esbuild\lib\main.js:1017:50
      at responseCallbacks.<computed> (D:\eGym\frontend\node_modules\esbuild\lib\main.js:884:9)
      at handleIncomingPacket (D:\eGym\frontend\node_modules\esbuild\lib\main.js:939:12)
      at Socket.readFromStdout (D:\eGym\frontend\node_modules\esbuild\lib\main.js:862:7)
      at Socket.emit (node:events:513:28)
      at addChunk (node:internal/streams/readable:559:12)
      at readableAddChunkPushByteMode (node:internal/streams/readable:510:3)
      at Readable.push (node:internal/streams/readable:390:5)
      at Pipe.onStreamRead (node:internal/stream_base_commons:189:23)
[2m17:19:54[22m [31m[1m[vite][22m[39m [31mInternal server error: Transform failed with 1 error:
D:/eGym/frontend/src/mocks/stage2-data.ts:85:8: ERROR: Expected "}" but found "Machine"[39m
  Plugin: [35mvite:esbuild[39m
  File: [36mD:/eGym/frontend/src/mocks/stage2-data.ts[39m:85:8
[33m  
  [33mExpected "}" but found "Machine"[33m
  83 |    Cable: 'Кроссовер',
  84 |    Bodyweight: 'Собственный вес',
  85 |    Smith Machine: 'Машина Смита',
     |          ^
  86 |    Band: 'Резина',
  87 |    Kettlebell: 'Гиря',
  [39m
      at failureErrorWithLog (D:\eGym\frontend\node_modules\esbuild\lib\main.js:1748:15)
      at D:\eGym\frontend\node_modules\esbuild\lib\main.js:1017:50
      at responseCallbacks.<computed> (D:\eGym\frontend\node_modules\esbuild\lib\main.js:884:9)
      at handleIncomingPacket (D:\eGym\frontend\node_modules\esbuild\lib\main.js:939:12)
      at Socket.readFromStdout (D:\eGym\frontend\node_modules\esbuild\lib\main.js:862:7)
      at Socket.emit (node:events:513:28)
      at addChunk (node:internal/streams/readable:559:12)
      at readableAddChunkPushByteMode (node:internal/streams/readable:510:3)
      at Readable.push (node:internal/streams/readable:390:5)
      at Pipe.onStreamRead (node:internal/stream_base_commons:189:23)
[2m17:23:43[22m [36m[1m[vite][22m[39m [90m[2m(client)[22m[39m [32mhmr update [39m[2m/src/app/router.tsx, /src/screens/placeholder/placeholder-screen.tsx, /src/screens/user-selection/user-selection-screen.tsx, /src/screens/dashboard/dashboard-screen.tsx, /src/app/styles.css[22m
[2m17:23:43[22m [31m[1m[vite][22m[39m [31mInternal server error: Transform failed with 1 error:
D:/eGym/frontend/src/mocks/stage2-data.ts:85:8: ERROR: Expected "}" but found "Machine"[39m
  Plugin: [35mvite:esbuild[39m
  File: [36mD:/eGym/frontend/src/mocks/stage2-data.ts[39m:85:8
[33m  
  [33mExpected "}" but found "Machine"[33m
  83 |    Cable: 'Кроссовер',
  84 |    Bodyweight: 'Собственный вес',
  85 |    Smith Machine: 'Машина Смита',
     |          ^
  86 |    Band: 'Резина',
  87 |    Kettlebell: 'Гиря',
  [39m
      at failureErrorWithLog (D:\eGym\frontend\node_modules\esbuild\lib\main.js:1748:15)
      at D:\eGym\frontend\node_modules\esbuild\lib\main.js:1017:50
      at responseCallbacks.<computed> (D:\eGym\frontend\node_modules\esbuild\lib\main.js:884:9)
      at handleIncomingPacket (D:\eGym\frontend\node_modules\esbuild\lib\main.js:939:12)
      at Socket.readFromStdout (D:\eGym\frontend\node_modules\esbuild\lib\main.js:862:7)
      at Socket.emit (node:events:513:28)
      at addChunk (node:internal/streams/readable:559:12)
      at readableAddChunkPushByteMode (node:internal/streams/readable:510:3)
      at Readable.push (node:internal/streams/readable:390:5)
      at Pipe.onStreamRead (node:internal/stream_base_commons:189:23)
[2m17:25:29[22m [31m[1m[vite][22m[39m [31mInternal server error: Transform failed with 1 error:
D:/eGym/frontend/src/mocks/stage2-data.ts:85:8: ERROR: Expected "}" but found "Machine"[39m
  Plugin: [35mvite:esbuild[39m
  File: [36mD:/eGym/frontend/src/mocks/stage2-data.ts[39m:85:8
[33m  
  [33mExpected "}" but found "Machine"[33m
  83 |    Cable: 'Кроссовер',
  84 |    Bodyweight: 'Собственный вес',
  85 |    Smith Machine: 'Машина Смита',
     |          ^
  86 |    Band: 'Резина',
  87 |    Kettlebell: 'Гиря',
  [39m
      at failureErrorWithLog (D:\eGym\frontend\node_modules\esbuild\lib\main.js:1748:15)
      at D:\eGym\frontend\node_modules\esbuild\lib\main.js:1017:50
      at responseCallbacks.<computed> (D:\eGym\frontend\node_modules\esbuild\lib\main.js:884:9)
      at handleIncomingPacket (D:\eGym\frontend\node_modules\esbuild\lib\main.js:939:12)
      at Socket.readFromStdout (D:\eGym\frontend\node_modules\esbuild\lib\main.js:862:7)
      at Socket.emit (node:events:513:28)
      at addChunk (node:internal/streams/readable:559:12)
      at readableAddChunkPushByteMode (node:internal/streams/readable:510:3)
      at Readable.push (node:internal/streams/readable:390:5)
      at Pipe.onStreamRead (node:internal/stream_base_commons:189:23)
[2m17:25:43[22m [31m[1m[vite][22m[39m [31mInternal server error: Transform failed with 1 error:
D:/eGym/frontend/src/mocks/stage2-data.ts:85:8: ERROR: Expected "}" but found "Machine"[39m
  Plugin: [35mvite:esbuild[39m
  File: [36mD:/eGym/frontend/src/mocks/stage2-data.ts[39m:85:8
[33m  
  [33mExpected "}" but found "Machine"[33m
  83 |    Cable: 'Кроссовер',
  84 |    Bodyweight: 'Собственный вес',
  85 |    Smith Machine: 'Машина Смита',
     |          ^
  86 |    Band: 'Резина',
  87 |    Kettlebell: 'Гиря',
  [39m
      at failureErrorWithLog (D:\eGym\frontend\node_modules\esbuild\lib\main.js:1748:15)
      at D:\eGym\frontend\node_modules\esbuild\lib\main.js:1017:50
      at responseCallbacks.<computed> (D:\eGym\frontend\node_modules\esbuild\lib\main.js:884:9)
      at handleIncomingPacket (D:\eGym\frontend\node_modules\esbuild\lib\main.js:939:12)
      at Socket.readFromStdout (D:\eGym\frontend\node_modules\esbuild\lib\main.js:862:7)
      at Socket.emit (node:events:513:28)
      at addChunk (node:internal/streams/readable:559:12)
      at readableAddChunkPushByteMode (node:internal/streams/readable:510:3)
      at Readable.push (node:internal/streams/readable:390:5)
      at Pipe.onStreamRead (node:internal/stream_base_commons:189:23)
[2m17:25:58[22m [31m[1m[vite][22m[39m [31mInternal server error: Transform failed with 1 error:
D:/eGym/frontend/src/mocks/stage2-data.ts:85:8: ERROR: Expected "}" but found "Machine"[39m
  Plugin: [35mvite:esbuild[39m
  File: [36mD:/eGym/frontend/src/mocks/stage2-data.ts[39m:85:8
[33m  
  [33mExpected "}" but found "Machine"[33m
  83 |    Cable: 'Кроссовер',
  84 |    Bodyweight: 'Собственный вес',
  85 |    Smith Machine: 'Машина Смита',
     |          ^
  86 |    Band: 'Резина',
  87 |    Kettlebell: 'Гиря',
  [39m
      at failureErrorWithLog (D:\eGym\frontend\node_modules\esbuild\lib\main.js:1748:15)
      at D:\eGym\frontend\node_modules\esbuild\lib\main.js:1017:50
      at responseCallbacks.<computed> (D:\eGym\frontend\node_modules\esbuild\lib\main.js:884:9)
      at handleIncomingPacket (D:\eGym\frontend\node_modules\esbuild\lib\main.js:939:12)
      at Socket.readFromStdout (D:\eGym\frontend\node_modules\esbuild\lib\main.js:862:7)
      at Socket.emit (node:events:513:28)
      at addChunk (node:internal/streams/readable:559:12)
      at readableAddChunkPushByteMode (node:internal/streams/readable:510:3)
      at Readable.push (node:internal/streams/readable:390:5)
      at Pipe.onStreamRead (node:internal/stream_base_commons:189:23)
[2m17:29:22[22m [31m[1m[vite][22m[39m [31mInternal server error: Transform failed with 1 error:
D:/eGym/frontend/src/mocks/stage2-data.ts:85:8: ERROR: Expected "}" but found "Machine"[39m
  Plugin: [35mvite:esbuild[39m
  File: [36mD:/eGym/frontend/src/mocks/stage2-data.ts[39m:85:8
[33m  
  [33mExpected "}" but found "Machine"[33m
  83 |    Cable: 'Кроссовер',
  84 |    Bodyweight: 'Собственный вес',
  85 |    Smith Machine: 'Машина Смита',
     |          ^
  86 |    Band: 'Резина',
  87 |    Kettlebell: 'Гиря',
  [39m
      at failureErrorWithLog (D:\eGym\frontend\node_modules\esbuild\lib\main.js:1748:15)
      at D:\eGym\frontend\node_modules\esbuild\lib\main.js:1017:50
      at responseCallbacks.<computed> (D:\eGym\frontend\node_modules\esbuild\lib\main.js:884:9)
      at handleIncomingPacket (D:\eGym\frontend\node_modules\esbuild\lib\main.js:939:12)
      at Socket.readFromStdout (D:\eGym\frontend\node_modules\esbuild\lib\main.js:862:7)
      at Socket.emit (node:events:513:28)
      at addChunk (node:internal/streams/readable:559:12)
      at readableAddChunkPushByteMode (node:internal/streams/readable:510:3)
      at Readable.push (node:internal/streams/readable:390:5)
      at Pipe.onStreamRead (node:internal/stream_base_commons:189:23)
[2m17:33:46[22m [36m[1m[vite][22m[39m [90m[2m(client)[22m[39m [32mhmr update [39m[2m/src/app/router.tsx, /src/app/styles.css[22m
[2m17:33:47[22m [31m[1m[vite][22m[39m [31mInternal server error: Transform failed with 1 error:
D:/eGym/frontend/src/mocks/stage2-data.ts:85:8: ERROR: Expected "}" but found "Machine"[39m
  Plugin: [35mvite:esbuild[39m
  File: [36mD:/eGym/frontend/src/mocks/stage2-data.ts[39m:85:8
[33m  
  [33mExpected "}" but found "Machine"[33m
  83 |    Cable: 'Кроссовер',
  84 |    Bodyweight: 'Собственный вес',
  85 |    Smith Machine: 'Машина Смита',
     |          ^
  86 |    Band: 'Резина',
  87 |    Kettlebell: 'Гиря',
  [39m
      at failureErrorWithLog (D:\eGym\frontend\node_modules\esbuild\lib\main.js:1748:15)
      at D:\eGym\frontend\node_modules\esbuild\lib\main.js:1017:50
      at responseCallbacks.<computed> (D:\eGym\frontend\node_modules\esbuild\lib\main.js:884:9)
      at handleIncomingPacket (D:\eGym\frontend\node_modules\esbuild\lib\main.js:939:12)
      at Socket.readFromStdout (D:\eGym\frontend\node_modules\esbuild\lib\main.js:862:7)
      at Socket.emit (node:events:513:28)
      at addChunk (node:internal/streams/readable:559:12)
      at readableAddChunkPushByteMode (node:internal/streams/readable:510:3)
      at Readable.push (node:internal/streams/readable:390:5)
      at Pipe.onStreamRead (node:internal/stream_base_commons:189:23)
[2m17:34:09[22m [36m[1m[vite][22m[39m [90m[2m(client)[22m[39m [32mhmr update [39m[2m/src/app/router.tsx, /src/app/styles.css[22m
[2m17:34:09[22m [31m[1m[vite][22m[39m [31mInternal server error: Transform failed with 1 error:
D:/eGym/frontend/src/mocks/stage2-data.ts:85:8: ERROR: Expected "}" but found "Machine"[39m
  Plugin: [35mvite:esbuild[39m
  File: [36mD:/eGym/frontend/src/mocks/stage2-data.ts[39m:85:8
[33m  
  [33mExpected "}" but found "Machine"[33m
  83 |    Cable: 'Кроссовер',
  84 |    Bodyweight: 'Собственный вес',
  85 |    Smith Machine: 'Машина Смита',
     |          ^
  86 |    Band: 'Резина',
  87 |    Kettlebell: 'Гиря',
  [39m
      at failureErrorWithLog (D:\eGym\frontend\node_modules\esbuild\lib\main.js:1748:15)
      at D:\eGym\frontend\node_modules\esbuild\lib\main.js:1017:50
      at responseCallbacks.<computed> (D:\eGym\frontend\node_modules\esbuild\lib\main.js:884:9)
      at handleIncomingPacket (D:\eGym\frontend\node_modules\esbuild\lib\main.js:939:12)
      at Socket.readFromStdout (D:\eGym\frontend\node_modules\esbuild\lib\main.js:862:7)
      at Socket.emit (node:events:513:28)
      at addChunk (node:internal/streams/readable:559:12)
      at readableAddChunkPushByteMode (node:internal/streams/readable:510:3)
      at Readable.push (node:internal/streams/readable:390:5)
      at Pipe.onStreamRead (node:internal/stream_base_commons:189:23)
[2m17:34:35[22m [36m[1m[vite][22m[39m [90m[2m(client)[22m[39m [32mhmr update [39m[2m/src/app/styles.css[22m
[2m17:35:45[22m [36m[1m[vite][22m[39m [90m[2m(client)[22m[39m [32mpage reload [39m[2msrc/mocks/stage2-data.ts[22m
[2m17:35:45[22m [36m[1m[vite][22m[39m [90m[2m(client)[22m[39m [32mhmr update [39m[2m/src/screens/calendar/workout-calendar-screen.tsx, /src/app/styles.css[22m
[2m17:35:45[22m [36m[1m[vite][22m[39m [90m[2m(client)[22m[39m [32mhmr update [39m[2m/src/screens/catalog/exercise-catalog-screen.tsx, /src/app/styles.css[22m
[2m17:35:45[22m [36m[1m[vite][22m[39m [90m[2m(client)[22m[39m [32mhmr update [39m[2m/src/screens/catalog/exercise-details-screen.tsx, /src/app/styles.css[22m
[2m17:35:45[22m [36m[1m[vite][22m[39m [90m[2m(client)[22m[39m [32mhmr update [39m[2m/src/screens/today/today-workout-screen.tsx, /src/app/styles.css[22m
[2m17:35:45[22m [36m[1m[vite][22m[39m [90m[2m(client)[22m[39m [32mhmr update [39m[2m/src/app/styles.css, /src/shared/ui/stage2/screen-components.tsx[22m
[2m17:36:44[22m [36m[1m[vite][22m[39m [90m[2m(client)[22m[39m [32mpage reload [39m[2msrc/mocks/stage2-data.ts[22m
[2m17:45:51[22m [36m[1m[vite][22m[39m [90m[2m(client)[22m[39m [32mpage reload [39m[2msrc/mocks/handlers.ts[22m
[2m17:45:51[22m [36m[1m[vite][22m[39m [90m[2m(client)[22m[39m [32mhmr update [39m[2m/src/app/router.tsx, /src/app/styles.css[22m
[2m17:45:51[22m [36m[1m[vite][22m[39m [90m[2m(client)[22m[39m [32mhmr update [39m[2m/src/app/router.tsx, /src/screens/placeholder/placeholder-screen.tsx, /src/screens/user-selection/user-selection-screen.tsx, /src/screens/dashboard/dashboard-screen.tsx, /src/screens/builder/workout-builder-screen.tsx, /src/screens/programs/program-library-screen.tsx, /src/screens/calendar/workout-calendar-screen.tsx, /src/screens/exercise-setup/exercise-setup-screen.tsx, /src/screens/catalog/exercise-catalog-screen.tsx, /src/screens/quick-start/quick-start-screen.tsx, /src/screens/today/today-workout-screen.tsx, /src/screens/catalog/exercise-details-screen.tsx, /src/app/styles.css[22m
[2m17:45:51[22m [36m[1m[vite][22m[39m [90m[2m(client)[22m[39m [32mhmr update [39m[2m/src/screens/programs/program-library-screen.tsx, /src/app/styles.css[22m
[2m17:45:51[22m [36m[1m[vite][22m[39m [90m[2m(client)[22m[39m [32mhmr update [39m[2m/src/screens/today/today-workout-screen.tsx, /src/app/styles.css[22m
[2m17:45:51[22m [36m[1m[vite][22m[39m [90m[2m(client)[22m[39m [32mhmr update [39m[2m/src/screens/catalog/exercise-catalog-screen.tsx, /src/app/styles.css[22m
[2m17:45:51[22m [36m[1m[vite][22m[39m [90m[2m(client)[22m[39m [32mhmr update [39m[2m/src/screens/quick-start/quick-start-screen.tsx, /src/app/styles.css[22m
[2m17:45:51[22m [36m[1m[vite][22m[39m [90m[2m(client)[22m[39m [32mhmr update [39m[2m/src/screens/builder/workout-builder-screen.tsx, /src/app/styles.css[22m
[2m17:45:51[22m [36m[1m[vite][22m[39m [90m[2m(client)[22m[39m [32mhmr update [39m[2m/src/screens/calendar/workout-calendar-screen.tsx, /src/app/styles.css[22m
[2m17:45:51[22m [36m[1m[vite][22m[39m [90m[2m(client)[22m[39m [32mhmr update [39m[2m/src/screens/exercise-setup/exercise-setup-screen.tsx, /src/app/styles.css[22m
[2m17:45:51[22m [36m[1m[vite][22m[39m [90m[2m(client)[22m[39m [32mpage reload [39m[2msrc/mocks/stage2-data.ts[22m
[2m17:45:51[22m [36m[1m[vite][22m[39m [90m[2m(client)[22m[39m [32mhmr update [39m[2m/src/screens/catalog/exercise-details-screen.tsx, /src/app/styles.css[22m
[2m17:45:51[22m [36m[1m[vite][22m[39m [90m[2m(client)[22m[39m [32mhmr update [39m[2m/src/app/styles.css, /src/shared/ui/stage2/screen-components.tsx[22m
[2m17:51:51[22m [36m[1m[vite][22m[39m [90m[2m(client)[22m[39m [32mpage reload [39m[2msrc/mocks/stage2-data.ts[22m
[2m17:51:51[22m [36m[1m[vite][22m[39m [90m[2m(client)[22m[39m [32mhmr update [39m[2m/src/app/styles.css, /src/shared/ui/stage2/screen-components.tsx[22m
[2m17:51:51[22m [36m[1m[vite][22m[39m [90m[2m(client)[22m[39m [32mhmr update [39m[2m/src/screens/catalog/exercise-details-screen.tsx, /src/app/styles.css[22m
[2m17:55:45[22m [36m[1m[vite][22m[39m [90m[2m(client)[22m[39m [32mpage reload [39m[2msrc/mocks/stage2-data.ts[22m
[2m17:55:45[22m [36m[1m[vite][22m[39m [90m[2m(client)[22m[39m [32mhmr update [39m[2m/src/screens/catalog/exercise-details-screen.tsx, /src/app/styles.css[22m
[2m17:55:45[22m [36m[1m[vite][22m[39m [90m[2m(client)[22m[39m [32mhmr update [39m[2m/src/app/styles.css, /src/shared/ui/stage2/screen-components.tsx[22m
[2m18:09:33[22m [36m[1m[vite][22m[39m [90m[2m(client)[22m[39m [32mhmr update [39m[2m/src/shared/ui/overlays/surface-components.tsx, /src/app/styles.css[22m
[2m18:13:33[22m [36m[1m[vite][22m[39m [90m[2m(client)[22m[39m [32mhmr update [39m[2m/src/screens/exercise-setup/exercise-setup-screen.tsx, /src/app/styles.css[22m
[2m18:13:33[22m [36m[1m[vite][22m[39m [90m[2m(client)[22m[39m [32mhmr update [39m[2m/src/screens/quick-start/quick-start-screen.tsx, /src/app/styles.css[22m
[2m18:13:33[22m [36m[1m[vite][22m[39m [90m[2m(client)[22m[39m [32mhmr update [39m[2m/src/screens/today/today-workout-screen.tsx, /src/app/styles.css[22m
[2m18:13:33[22m [36m[1m[vite][22m[39m [90m[2m(client)[22m[39m [32mhmr update [39m[2m/src/screens/catalog/exercise-catalog-screen.tsx, /src/app/styles.css[22m
[2m18:13:33[22m [36m[1m[vite][22m[39m [90m[2m(client)[22m[39m [32mhmr update [39m[2m/src/screens/builder/workout-builder-screen.tsx, /src/app/styles.css[22m
[2m18:13:33[22m [36m[1m[vite][22m[39m [90m[2m(client)[22m[39m [32mhmr update [39m[2m/src/screens/programs/program-library-screen.tsx, /src/app/styles.css[22m
[2m18:13:33[22m [36m[1m[vite][22m[39m [90m[2m(client)[22m[39m [32mhmr update [39m[2m/src/screens/calendar/workout-calendar-screen.tsx, /src/app/styles.css[22m
[2m18:13:33[22m [36m[1m[vite][22m[39m [90m[2m(client)[22m[39m [32mhmr update [39m[2m/src/app/router.tsx, /src/app/styles.css[22m
[2m18:13:34[22m [36m[1m[vite][22m[39m [90m[2m(client)[22m[39m [32mhmr update [39m[2m/src/screens/catalog/exercise-details-screen.tsx, /src/app/styles.css[22m
[2m18:14:20[22m [36m[1m[vite][22m[39m [90m[2m(client)[22m[39m [32mhmr update [39m[2m/src/screens/quick-start/quick-start-screen.tsx, /src/app/styles.css[22m
[2m18:14:20[22m [36m[1m[vite][22m[39m [90m[2m(client)[22m[39m [32mhmr update [39m[2m/src/app/styles.css, /src/screens/exercise-session/exercise-session-screen.tsx[22m
[2m18:14:20[22m [36m[1m[vite][22m[39m [90m[2m(client)[22m[39m [32mhmr update [39m[2m/src/app/styles.css, /src/screens/rest/rest-screen.tsx[22m
[2m18:14:30[22m [36m[1m[vite][22m[39m [90m[2m(client)[22m[39m [32mhmr update [39m[2m/src/screens/quick-start/quick-start-screen.tsx, /src/app/styles.css[22m
[2m18:15:32[22m [36m[1m[vite][22m[39m [90m[2m(client)[22m[39m [32mhmr update [39m[2m/src/app/styles.css, /src/screens/exercise-setup/exercise-setup-screen.tsx, /src/screens/exercise-summary/exercise-summary-screen.tsx, /src/screens/photo-progress/photo-progress-screen.tsx, /src/screens/exercise-session/exercise-session-screen.tsx, /src/screens/workout-summary/workout-summary-screen.tsx, /src/screens/rest/rest-screen.tsx[22m
[2m18:15:32[22m [36m[1m[vite][22m[39m [90m[2m(client)[22m[39m [32mhmr update [39m[2m/src/app/styles.css, /src/screens/exercise-setup/exercise-setup-screen.tsx, /src/screens/exercise-summary/exercise-summary-screen.tsx, /src/screens/photo-progress/photo-progress-screen.tsx, /src/screens/exercise-session/exercise-session-screen.tsx, /src/screens/workout-summary/workout-summary-screen.tsx, /src/screens/rest/rest-screen.tsx[22m
[2m18:15:32[22m [36m[1m[vite][22m[39m [90m[2m(client)[22m[39m [32mhmr update [39m[2m/src/app/styles.css, /src/screens/exercise-session/exercise-session-screen.tsx[22m
[2m18:16:01[22m [36m[1m[vite][22m[39m [90m[2m(client)[22m[39m [32mhmr update [39m[2m/src/app/styles.css, /src/screens/exercise-setup/exercise-setup-screen.tsx, /src/screens/exercise-summary/exercise-summary-screen.tsx, /src/screens/photo-progress/photo-progress-screen.tsx, /src/screens/exercise-session/exercise-session-screen.tsx, /src/screens/workout-summary/workout-summary-screen.tsx, /src/screens/rest/rest-screen.tsx[22m
[2m18:19:42[22m [36m[1m[vite][22m[39m [90m[2m(client)[22m[39m [32mhmr update [39m[2m/src/app/styles.css, /src/screens/photo-progress/photo-progress-screen.tsx[22m
[2m18:19:42[22m [36m[1m[vite][22m[39m [90m[2m(client)[22m[39m [32mhmr update [39m[2m/src/screens/quick-start/quick-start-screen.tsx, /src/app/styles.css[22m
[2m18:21:39[22m [36m[1m[vite][22m[39m [90m[2m(client)[22m[39m [32mhmr update [39m[2m/src/app/styles.css, /src/screens/exercise-setup/exercise-setup-screen.tsx, /src/screens/exercise-summary/exercise-summary-screen.tsx, /src/screens/photo-progress/photo-progress-screen.tsx, /src/screens/exercise-session/exercise-session-screen.tsx, /src/screens/workout-summary/workout-summary-screen.tsx, /src/screens/rest/rest-screen.tsx[22m
[2m18:21:39[22m [36m[1m[vite][22m[39m [90m[2m(client)[22m[39m [32mhmr update [39m[2m/src/app/router.tsx, /src/app/styles.css[22m
[2m18:21:39[22m [36m[1m[vite][22m[39m [90m[2m(client)[22m[39m [32mhmr update [39m[2m/src/app/styles.css, /src/screens/exercise-setup/exercise-setup-screen.tsx, /src/screens/exercise-summary/exercise-summary-screen.tsx, /src/screens/photo-progress/photo-progress-screen.tsx, /src/screens/exercise-session/exercise-session-screen.tsx, /src/screens/workout-summary/workout-summary-screen.tsx, /src/screens/rest/rest-screen.tsx[22m
[2m18:21:39[22m [36m[1m[vite][22m[39m [90m[2m(client)[22m[39m [32mhmr update [39m[2m/src/screens/builder/workout-builder-screen.tsx, /src/app/styles.css[22m
[2m18:21:39[22m [36m[1m[vite][22m[39m [90m[2m(client)[22m[39m [32mhmr update [39m[2m/src/screens/today/today-workout-screen.tsx, /src/app/styles.css[22m
[2m18:21:39[22m [36m[1m[vite][22m[39m [90m[2m(client)[22m[39m [32mhmr update [39m[2m/src/screens/calendar/workout-calendar-screen.tsx, /src/app/styles.css[22m
[2m18:21:39[22m [36m[1m[vite][22m[39m [90m[2m(client)[22m[39m [32mhmr update [39m[2m/src/screens/catalog/exercise-details-screen.tsx, /src/app/styles.css[22m
[2m18:21:39[22m [36m[1m[vite][22m[39m [90m[2m(client)[22m[39m [32mhmr update [39m[2m/src/app/styles.css, /src/screens/photo-progress/photo-progress-screen.tsx[22m
[2m18:21:39[22m [36m[1m[vite][22m[39m [90m[2m(client)[22m[39m [32mhmr update [39m[2m/src/screens/quick-start/quick-start-screen.tsx, /src/app/styles.css[22m
[2m18:21:39[22m [36m[1m[vite][22m[39m [90m[2m(client)[22m[39m [32mhmr update [39m[2m/src/screens/exercise-setup/exercise-setup-screen.tsx, /src/app/styles.css[22m
[2m18:21:39[22m [36m[1m[vite][22m[39m [90m[2m(client)[22m[39m [32mhmr update [39m[2m/src/screens/programs/program-library-screen.tsx, /src/app/styles.css[22m
[2m18:21:39[22m [36m[1m[vite][22m[39m [90m[2m(client)[22m[39m [32mhmr update [39m[2m/src/app/styles.css, /src/screens/exercise-summary/exercise-summary-screen.tsx[22m
[2m18:21:39[22m [36m[1m[vite][22m[39m [90m[2m(client)[22m[39m [32mhmr update [39m[2m/src/screens/catalog/exercise-catalog-screen.tsx, /src/app/styles.css[22m
[2m18:21:39[22m [36m[1m[vite][22m[39m [90m[2m(client)[22m[39m [32mhmr update [39m[2m/src/app/styles.css, /src/screens/exercise-session/exercise-session-screen.tsx[22m
[2m18:21:39[22m [36m[1m[vite][22m[39m [90m[2m(client)[22m[39m [32mhmr update [39m[2m/src/app/styles.css, /src/screens/rest/rest-screen.tsx[22m
[2m18:21:39[22m [36m[1m[vite][22m[39m [90m[2m(client)[22m[39m [32mhmr update [39m[2m/src/app/styles.css, /src/screens/workout-summary/workout-summary-screen.tsx[22m
[2m18:21:39[22m [36m[1m[vite][22m[39m [90m[2m(client)[22m[39m [32mhmr update [39m[2m/src/app/styles.css, /src/screens/exercise-setup/exercise-setup-screen.tsx, /src/screens/exercise-summary/exercise-summary-screen.tsx, /src/screens/photo-progress/photo-progress-screen.tsx, /src/screens/exercise-session/exercise-session-screen.tsx, /src/screens/workout-summary/workout-summary-screen.tsx, /src/screens/rest/rest-screen.tsx[22m
[2m18:21:39[22m [36m[1m[vite][22m[39m [90m[2m(client)[22m[39m [32mhmr update [39m[2m/src/shared/ui/overlays/surface-components.tsx, /src/app/styles.css[22m
[2m18:44:52[22m [36m[1m[vite][22m[39m [90m[2m(client)[22m[39m [32mhmr update [39m[2m/src/app/router.tsx, /src/app/styles.css[22m
[2m18:44:52[22m [36m[1m[vite][22m[39m [90m[2m(client)[22m[39m [32mhmr update [39m[2m/src/app/styles.css[22m
[2m18:44:52[22m [36m[1m[vite][22m[39m [90m[2m(client)[22m[39m [32mhmr update [39m[2m/src/app/router.tsx[22m
[2m18:44:52[22m [36m[1m[vite][22m[39m [90m[2m(client)[22m[39m [32mhmr update [39m[2m/src/app/router.tsx[22m
[2m18:44:52[22m [36m[1m[vite][22m[39m [90m[2m(client)[22m[39m [32mhmr update [39m[2m/src/app/router.tsx[22m
[2m18:45:16[22m [36m[1m[vite][22m[39m [90m[2m(client)[22m[39m [32mhmr update [39m[2m/src/screens/profile/user-profile-screen.tsx, /src/app/styles.css[22m
[2m18:46:18[22m [36m[1m[vite][22m[39m [90m[2m(client)[22m[39m [32mhmr update [39m[2m/src/app/styles.css, /src/screens/progress/progress-screen.tsx, /src/screens/fatigue/fatigue-screen.tsx, /src/screens/profile/user-profile-screen.tsx, /src/screens/settings/system-settings-screen.tsx[22m
[2m18:46:18[22m [36m[1m[vite][22m[39m [90m[2m(client)[22m[39m [32mhmr update [39m[2m/src/screens/profile/user-profile-screen.tsx, /src/app/styles.css[22m
[2m18:46:18[22m [36m[1m[vite][22m[39m [90m[2m(client)[22m[39m [32mhmr update [39m[2m/src/app/styles.css, /src/screens/progress/progress-screen.tsx[22m
[2m18:46:18[22m [36m[1m[vite][22m[39m [90m[2m(client)[22m[39m [32mhmr update [39m[2m/src/app/styles.css, /src/screens/progress/progress-screen.tsx[22m
[2m18:46:18[22m [36m[1m[vite][22m[39m [90m[2m(client)[22m[39m [32mhmr update [39m[2m/src/screens/profile/user-profile-screen.tsx, /src/app/styles.css[22m
[2m18:46:18[22m [36m[1m[vite][22m[39m [90m[2m(client)[22m[39m [32mhmr update [39m[2m/src/app/styles.css, /src/screens/progress/progress-screen.tsx, /src/screens/fatigue/fatigue-screen.tsx, /src/screens/profile/user-profile-screen.tsx, /src/screens/settings/system-settings-screen.tsx[22m
[2m22:26:54[22m [36m[1m[vite][22m[39m [90m[2m(client)[22m[39m [32mhmr update [39m[2m/src/app/router.tsx, /src/app/styles.css[22m
[2m22:26:54[22m [36m[1m[vite][22m[39m [90m[2m(client)[22m[39m [32mhmr update [39m[2m/src/app/styles.css, /src/screens/progress/progress-screen.tsx, /src/screens/fatigue/fatigue-screen.tsx, /src/screens/profile/user-profile-screen.tsx, /src/screens/settings/system-settings-screen.tsx[22m
[2m22:26:54[22m [36m[1m[vite][22m[39m [90m[2m(client)[22m[39m [32mhmr update [39m[2m/src/app/styles.css, /src/screens/progress/progress-screen.tsx, /src/screens/fatigue/fatigue-screen.tsx, /src/screens/profile/user-profile-screen.tsx, /src/screens/settings/system-settings-screen.tsx[22m
[2m22:26:54[22m [36m[1m[vite][22m[39m [90m[2m(client)[22m[39m [32mhmr update [39m[2m/src/app/styles.css, /src/screens/progress/progress-screen.tsx[22m
[2m22:26:54[22m [36m[1m[vite][22m[39m [90m[2m(client)[22m[39m [32mhmr update [39m[2m/src/screens/fatigue/fatigue-screen.tsx, /src/app/styles.css[22m
[2m22:26:54[22m [36m[1m[vite][22m[39m [90m[2m(client)[22m[39m [32mhmr update [39m[2m/src/screens/settings/system-settings-screen.tsx, /src/app/styles.css[22m
[2m22:26:54[22m [36m[1m[vite][22m[39m [90m[2m(client)[22m[39m [32mhmr update [39m[2m/src/screens/profile/user-profile-screen.tsx, /src/app/styles.css[22m
[2m22:26:54[22m [36m[1m[vite][22m[39m [90m[2m(client)[22m[39m [32mhmr update [39m[2m/src/app/styles.css, /src/screens/progress/progress-screen.tsx, /src/screens/fatigue/fatigue-screen.tsx, /src/screens/profile/user-profile-screen.tsx, /src/screens/settings/system-settings-screen.tsx[22m
[2m22:43:50[22m [36m[1m[vite][22m[39m [90m[2m(client)[22m[39m [32mhmr update [39m[2m/src/app/styles.css, /src/screens/user-selection/user-selection-screen.tsx, /src/screens/dashboard/dashboard-screen.tsx, /src/screens/builder/workout-builder-screen.tsx, /src/screens/programs/program-library-screen.tsx, /src/screens/calendar/workout-calendar-screen.tsx, /src/screens/catalog/exercise-catalog-screen.tsx, /src/screens/quick-start/quick-start-screen.tsx, /src/screens/today/today-workout-screen.tsx, /src/screens/catalog/exercise-details-screen.tsx[22m
[2m22:43:50[22m [36m[1m[vite][22m[39m [90m[2m(client)[22m[39m [32mpage reload [39m[2msrc/main.tsx[22m
[2m22:57:09[22m [36m[1m[vite][22m[39m [90m[2m(client)[22m[39m [32mpage reload [39m[2msrc/main.tsx[22m
[2m22:57:10[22m [36m[1m[vite][22m[39m [90m[2m(client)[22m[39m [32mhmr update [39m[2m/src/app/styles.css, /src/screens/user-selection/user-selection-screen.tsx, /src/screens/dashboard/dashboard-screen.tsx, /src/screens/builder/workout-builder-screen.tsx, /src/screens/programs/program-library-screen.tsx, /src/screens/calendar/workout-calendar-screen.tsx, /src/screens/catalog/exercise-catalog-screen.tsx, /src/screens/quick-start/quick-start-screen.tsx, /src/screens/today/today-workout-screen.tsx, /src/screens/catalog/exercise-details-screen.tsx[22m
